<?xml version="1.0" encoding="ISO-8859-1" ?>
<link_info>
   <banner>MSP430 Linker Unix v21.6.1.LTS</banner>
   <copyright>Copyright (c) 2003-2018 Texas Instruments Incorporated</copyright>
   <link_time>0x6520415d</link_time>
   <link_errors>0x0</link_errors>
   <output_file>Project05.out</output_file>
   <entry_point>
      <name>_c_int00_noargs_mpu</name>
      <address>0x8a44</address>
   </entry_point>
   <input_file_list>
      <input_file id="fl-2">
         <path>./</path>
         <kind>object</kind>
         <file>clocks.obj</file>
         <name>clocks.obj</name>
      </input_file>
      <input_file id="fl-3">
         <path>./</path>
         <kind>object</kind>
         <file>init.obj</file>
         <name>init.obj</name>
      </input_file>
      <input_file id="fl-4">
         <path>./</path>
         <kind>object</kind>
         <file>led.obj</file>
         <name>led.obj</name>
      </input_file>
      <input_file id="fl-5">
         <path>./</path>
         <kind>object</kind>
         <file>main.obj</file>
         <name>main.obj</name>
      </input_file>
      <input_file id="fl-6">
         <path>./</path>
         <kind>object</kind>
         <file>ports.obj</file>
         <name>ports.obj</name>
      </input_file>
      <input_file id="fl-7">
         <path>./</path>
         <kind>object</kind>
         <file>switches.obj</file>
         <name>switches.obj</name>
      </input_file>
      <input_file id="fl-8">
         <path>./</path>
         <kind>object</kind>
         <file>system.obj</file>
         <name>system.obj</name>
      </input_file>
      <input_file id="fl-9">
         <path>./</path>
         <kind>object</kind>
         <file>wheels.obj</file>
         <name>wheels.obj</name>
      </input_file>
      <input_file id="fl-a">
         <path>../Compiled/</path>
         <kind>object</kind>
         <file>LCD.obj</file>
         <name>LCD.obj</name>
      </input_file>
      <input_file id="fl-10">
         <kind>object</kind>
         <file>&lt;internal&gt;</file>
         <name>&lt;internal&gt;</name>
      </input_file>
      <input_file id="fl-2b">
         <path>/Applications/ti/ccs1240/ccs/tools/compiler/ti-cgt-msp430_21.6.1.LTS/lib/</path>
         <kind>archive</kind>
         <file>rts430x_lc_sd_eabi.lib</file>
         <name>copy_decompress_lzss.c.obj</name>
      </input_file>
      <input_file id="fl-2c">
         <path>/Applications/ti/ccs1240/ccs/tools/compiler/ti-cgt-msp430_21.6.1.LTS/lib/</path>
         <kind>archive</kind>
         <file>rts430x_lc_sd_eabi.lib</file>
         <name>copy_decompress_none.c.obj</name>
      </input_file>
      <input_file id="fl-2d">
         <path>/Applications/ti/ccs1240/ccs/tools/compiler/ti-cgt-msp430_21.6.1.LTS/lib/</path>
         <kind>archive</kind>
         <file>rts430x_lc_sd_eabi.lib</file>
         <name>int23.asm.obj</name>
      </input_file>
      <input_file id="fl-2e">
         <path>/Applications/ti/ccs1240/ccs/tools/compiler/ti-cgt-msp430_21.6.1.LTS/lib/</path>
         <kind>archive</kind>
         <file>rts430x_lc_sd_eabi.lib</file>
         <name>isr_trap.asm.obj</name>
      </input_file>
      <input_file id="fl-2f">
         <path>/Applications/ti/ccs1240/ccs/tools/compiler/ti-cgt-msp430_21.6.1.LTS/lib/</path>
         <kind>archive</kind>
         <file>rts430x_lc_sd_eabi.lib</file>
         <name>int25.asm.obj</name>
      </input_file>
      <input_file id="fl-30">
         <path>/Applications/ti/ccs1240/ccs/tools/compiler/ti-cgt-msp430_21.6.1.LTS/lib/</path>
         <kind>archive</kind>
         <file>rts430x_lc_sd_eabi.lib</file>
         <name>int26.asm.obj</name>
      </input_file>
      <input_file id="fl-31">
         <path>/Applications/ti/ccs1240/ccs/tools/compiler/ti-cgt-msp430_21.6.1.LTS/lib/</path>
         <kind>archive</kind>
         <file>rts430x_lc_sd_eabi.lib</file>
         <name>int27.asm.obj</name>
      </input_file>
      <input_file id="fl-32">
         <path>/Applications/ti/ccs1240/ccs/tools/compiler/ti-cgt-msp430_21.6.1.LTS/lib/</path>
         <kind>archive</kind>
         <file>rts430x_lc_sd_eabi.lib</file>
         <name>int28.asm.obj</name>
      </input_file>
      <input_file id="fl-33">
         <path>/Applications/ti/ccs1240/ccs/tools/compiler/ti-cgt-msp430_21.6.1.LTS/lib/</path>
         <kind>archive</kind>
         <file>rts430x_lc_sd_eabi.lib</file>
         <name>int29.asm.obj</name>
      </input_file>
      <input_file id="fl-34">
         <path>/Applications/ti/ccs1240/ccs/tools/compiler/ti-cgt-msp430_21.6.1.LTS/lib/</path>
         <kind>archive</kind>
         <file>rts430x_lc_sd_eabi.lib</file>
         <name>int30.asm.obj</name>
      </input_file>
      <input_file id="fl-35">
         <path>/Applications/ti/ccs1240/ccs/tools/compiler/ti-cgt-msp430_21.6.1.LTS/lib/</path>
         <kind>archive</kind>
         <file>rts430x_lc_sd_eabi.lib</file>
         <name>int31.asm.obj</name>
      </input_file>
      <input_file id="fl-36">
         <path>/Applications/ti/ccs1240/ccs/tools/compiler/ti-cgt-msp430_21.6.1.LTS/lib/</path>
         <kind>archive</kind>
         <file>rts430x_lc_sd_eabi.lib</file>
         <name>int32.asm.obj</name>
      </input_file>
      <input_file id="fl-37">
         <path>/Applications/ti/ccs1240/ccs/tools/compiler/ti-cgt-msp430_21.6.1.LTS/lib/</path>
         <kind>archive</kind>
         <file>rts430x_lc_sd_eabi.lib</file>
         <name>int33.asm.obj</name>
      </input_file>
      <input_file id="fl-38">
         <path>/Applications/ti/ccs1240/ccs/tools/compiler/ti-cgt-msp430_21.6.1.LTS/lib/</path>
         <kind>archive</kind>
         <file>rts430x_lc_sd_eabi.lib</file>
         <name>int34.asm.obj</name>
      </input_file>
      <input_file id="fl-39">
         <path>/Applications/ti/ccs1240/ccs/tools/compiler/ti-cgt-msp430_21.6.1.LTS/lib/</path>
         <kind>archive</kind>
         <file>rts430x_lc_sd_eabi.lib</file>
         <name>int35.asm.obj</name>
      </input_file>
      <input_file id="fl-3a">
         <path>/Applications/ti/ccs1240/ccs/tools/compiler/ti-cgt-msp430_21.6.1.LTS/lib/</path>
         <kind>archive</kind>
         <file>rts430x_lc_sd_eabi.lib</file>
         <name>int36.asm.obj</name>
      </input_file>
      <input_file id="fl-3b">
         <path>/Applications/ti/ccs1240/ccs/tools/compiler/ti-cgt-msp430_21.6.1.LTS/lib/</path>
         <kind>archive</kind>
         <file>rts430x_lc_sd_eabi.lib</file>
         <name>int37.asm.obj</name>
      </input_file>
      <input_file id="fl-3c">
         <path>/Applications/ti/ccs1240/ccs/tools/compiler/ti-cgt-msp430_21.6.1.LTS/lib/</path>
         <kind>archive</kind>
         <file>rts430x_lc_sd_eabi.lib</file>
         <name>int38.asm.obj</name>
      </input_file>
      <input_file id="fl-3d">
         <path>/Applications/ti/ccs1240/ccs/tools/compiler/ti-cgt-msp430_21.6.1.LTS/lib/</path>
         <kind>archive</kind>
         <file>rts430x_lc_sd_eabi.lib</file>
         <name>int39.asm.obj</name>
      </input_file>
      <input_file id="fl-3e">
         <path>/Applications/ti/ccs1240/ccs/tools/compiler/ti-cgt-msp430_21.6.1.LTS/lib/</path>
         <kind>archive</kind>
         <file>rts430x_lc_sd_eabi.lib</file>
         <name>int40.asm.obj</name>
      </input_file>
      <input_file id="fl-3f">
         <path>/Applications/ti/ccs1240/ccs/tools/compiler/ti-cgt-msp430_21.6.1.LTS/lib/</path>
         <kind>archive</kind>
         <file>rts430x_lc_sd_eabi.lib</file>
         <name>int41.asm.obj</name>
      </input_file>
      <input_file id="fl-40">
         <path>/Applications/ti/ccs1240/ccs/tools/compiler/ti-cgt-msp430_21.6.1.LTS/lib/</path>
         <kind>archive</kind>
         <file>rts430x_lc_sd_eabi.lib</file>
         <name>int44.asm.obj</name>
      </input_file>
      <input_file id="fl-41">
         <path>/Applications/ti/ccs1240/ccs/tools/compiler/ti-cgt-msp430_21.6.1.LTS/lib/</path>
         <kind>archive</kind>
         <file>rts430x_lc_sd_eabi.lib</file>
         <name>int45.asm.obj</name>
      </input_file>
      <input_file id="fl-42">
         <path>/Applications/ti/ccs1240/ccs/tools/compiler/ti-cgt-msp430_21.6.1.LTS/lib/</path>
         <kind>archive</kind>
         <file>rts430x_lc_sd_eabi.lib</file>
         <name>copy_zero_init.c.obj</name>
      </input_file>
      <input_file id="fl-43">
         <path>/Applications/ti/ccs1240/ccs/tools/compiler/ti-cgt-msp430_21.6.1.LTS/lib/</path>
         <kind>archive</kind>
         <file>rts430x_lc_sd_eabi.lib</file>
         <name>cpy_util.asm.obj</name>
      </input_file>
      <input_file id="fl-44">
         <path>/Applications/ti/ccs1240/ccs/tools/compiler/ti-cgt-msp430_21.6.1.LTS/lib/</path>
         <kind>archive</kind>
         <file>rts430x_lc_sd_eabi.lib</file>
         <name>mult16.asm.obj</name>
      </input_file>
      <input_file id="fl-45">
         <path>/Applications/ti/ccs1240/ccs/tools/compiler/ti-cgt-msp430_21.6.1.LTS/lib/</path>
         <kind>archive</kind>
         <file>rts430x_lc_sd_eabi.lib</file>
         <name>mult16_f5hw.asm.obj</name>
      </input_file>
      <input_file id="fl-46">
         <path>/Applications/ti/ccs1240/ccs/tools/compiler/ti-cgt-msp430_21.6.1.LTS/lib/</path>
         <kind>archive</kind>
         <file>rts430x_lc_sd_eabi.lib</file>
         <name>mult32_f5hw.asm.obj</name>
      </input_file>
      <input_file id="fl-47">
         <path>/Applications/ti/ccs1240/ccs/tools/compiler/ti-cgt-msp430_21.6.1.LTS/lib/</path>
         <kind>archive</kind>
         <file>rts430x_lc_sd_eabi.lib</file>
         <name>mult64_f5hw.asm.obj</name>
      </input_file>
      <input_file id="fl-48">
         <path>/Applications/ti/ccs1240/ccs/tools/compiler/ti-cgt-msp430_21.6.1.LTS/lib/</path>
         <kind>archive</kind>
         <file>rts430x_lc_sd_eabi.lib</file>
         <name>mult1632_f5hw.asm.obj</name>
      </input_file>
      <input_file id="fl-49">
         <path>/Applications/ti/ccs1240/ccs/tools/compiler/ti-cgt-msp430_21.6.1.LTS/lib/</path>
         <kind>archive</kind>
         <file>rts430x_lc_sd_eabi.lib</file>
         <name>mult3264_f5hw.asm.obj</name>
      </input_file>
      <input_file id="fl-4a">
         <path>/Applications/ti/ccs1240/ccs/tools/compiler/ti-cgt-msp430_21.6.1.LTS/lib/</path>
         <kind>archive</kind>
         <file>rts430x_lc_sd_eabi.lib</file>
         <name>boot.c.obj</name>
      </input_file>
      <input_file id="fl-4b">
         <path>/Applications/ti/ccs1240/ccs/ccs_base/msp430/lib/FR2xx/</path>
         <kind>archive</kind>
         <file>FRWP_INIT_LIB_CCS_msp430_large_code_small_data.lib</file>
         <name>frwp_init.obj</name>
      </input_file>
      <input_file id="fl-4c">
         <path>/Applications/ti/ccs1240/ccs/tools/compiler/ti-cgt-msp430_21.6.1.LTS/lib/</path>
         <kind>archive</kind>
         <file>rts430x_lc_sd_eabi.lib</file>
         <name>args_main.c.obj</name>
      </input_file>
      <input_file id="fl-4d">
         <path>/Applications/ti/ccs1240/ccs/tools/compiler/ti-cgt-msp430_21.6.1.LTS/lib/</path>
         <kind>archive</kind>
         <file>rts430x_lc_sd_eabi.lib</file>
         <name>autoinit.c.obj</name>
      </input_file>
      <input_file id="fl-4e">
         <path>/Applications/ti/ccs1240/ccs/tools/compiler/ti-cgt-msp430_21.6.1.LTS/lib/</path>
         <kind>archive</kind>
         <file>rts430x_lc_sd_eabi.lib</file>
         <name>startup.c.obj</name>
      </input_file>
      <input_file id="fl-4f">
         <path>/Applications/ti/ccs1240/ccs/tools/compiler/ti-cgt-msp430_21.6.1.LTS/lib/</path>
         <kind>archive</kind>
         <file>rts430x_lc_sd_eabi.lib</file>
         <name>pre_init.c.obj</name>
      </input_file>
      <input_file id="fl-50">
         <path>/Applications/ti/ccs1240/ccs/tools/compiler/ti-cgt-msp430_21.6.1.LTS/lib/</path>
         <kind>archive</kind>
         <file>rts430x_lc_sd_eabi.lib</file>
         <name>cpy_tbl.c.obj</name>
      </input_file>
      <input_file id="fl-51">
         <path>/Applications/ti/ccs1240/ccs/tools/compiler/ti-cgt-msp430_21.6.1.LTS/lib/</path>
         <kind>archive</kind>
         <file>rts430x_lc_sd_eabi.lib</file>
         <name>exit.c.obj</name>
      </input_file>
      <input_file id="fl-52">
         <path>/Applications/ti/ccs1240/ccs/tools/compiler/ti-cgt-msp430_21.6.1.LTS/lib/</path>
         <kind>archive</kind>
         <file>rts430x_lc_sd_eabi.lib</file>
         <name>exit_gvars.c.obj</name>
      </input_file>
      <input_file id="fl-53">
         <path>/Applications/ti/ccs1240/ccs/tools/compiler/ti-cgt-msp430_21.6.1.LTS/lib/</path>
         <kind>archive</kind>
         <file>rts430x_lc_sd_eabi.lib</file>
         <name>_lock.c.obj</name>
      </input_file>
      <input_file id="fl-54">
         <path>/Applications/ti/ccs1240/ccs/tools/compiler/ti-cgt-msp430_21.6.1.LTS/lib/</path>
         <kind>archive</kind>
         <file>rts430x_lc_sd_eabi.lib</file>
         <name>memcpy.c.obj</name>
      </input_file>
      <input_file id="fl-55">
         <path>/Applications/ti/ccs1240/ccs/tools/compiler/ti-cgt-msp430_21.6.1.LTS/lib/</path>
         <kind>archive</kind>
         <file>rts430x_lc_sd_eabi.lib</file>
         <name>strcpy.c.obj</name>
      </input_file>
   </input_file_list>
   <object_component_list>
      <object_component id="oc-6f6">
         <name>.cinit..bss.load</name>
         <load_address>0x8000</load_address>
         <run_address>0x8000</run_address>
         <size>0x6</size>
      </object_component>
      <object_component id="oc-6f4">
         <name>__TI_handler_table</name>
         <load_address>0x8006</load_address>
         <run_address>0x8006</run_address>
         <size>0x4</size>
      </object_component>
      <object_component id="oc-6f5">
         <name>__TI_cinit_table</name>
         <load_address>0x800a</load_address>
         <run_address>0x800a</run_address>
         <size>0x8</size>
      </object_component>
      <object_component id="oc-694">
         <name>.binit</name>
         <load_address>0x8012</load_address>
         <run_address>0x8012</run_address>
         <size>0x0</size>
      </object_component>
      <object_component id="oc-50f">
         <name>.const:.string</name>
         <load_address>0x8012</load_address>
         <run_address>0x8012</run_address>
         <size>0x30</size>
         <input_file_ref idref="fl-5"/>
      </object_component>
      <object_component id="oc-49e">
         <name>.const:.string</name>
         <load_address>0x8042</load_address>
         <run_address>0x8042</run_address>
         <size>0x1c</size>
         <input_file_ref idref="fl-8"/>
      </object_component>
      <object_component id="oc-509">
         <name>.text:Init_LCD</name>
         <load_address>0x805e</load_address>
         <run_address>0x805e</run_address>
         <size>0xc4</size>
         <input_file_ref idref="fl-a"/>
      </object_component>
      <object_component id="oc-589">
         <name>.text:Software_Trim</name>
         <load_address>0x8122</load_address>
         <run_address>0x8122</run_address>
         <size>0xbe</size>
         <input_file_ref idref="fl-2"/>
      </object_component>
      <object_component id="oc-56a">
         <name>.text:Init_Port2</name>
         <load_address>0x81e0</load_address>
         <run_address>0x81e0</run_address>
         <size>0xa2</size>
         <input_file_ref idref="fl-6"/>
      </object_component>
      <object_component id="oc-570">
         <name>.text:Init_Port3</name>
         <load_address>0x8282</load_address>
         <run_address>0x8282</run_address>
         <size>0x92</size>
         <input_file_ref idref="fl-6"/>
      </object_component>
      <object_component id="oc-582">
         <name>.text:Init_Port6</name>
         <load_address>0x8314</load_address>
         <run_address>0x8314</run_address>
         <size>0x92</size>
         <input_file_ref idref="fl-6"/>
      </object_component>
      <object_component id="oc-576">
         <name>.text:Init_Port4</name>
         <load_address>0x83a6</load_address>
         <run_address>0x83a6</run_address>
         <size>0x86</size>
         <input_file_ref idref="fl-6"/>
      </object_component>
      <object_component id="oc-4c0">
         <name>.text:main</name>
         <load_address>0x842c</load_address>
         <run_address>0x842c</run_address>
         <size>0x6c</size>
         <input_file_ref idref="fl-5"/>
      </object_component>
      <object_component id="oc-541">
         <name>.text:__TI_auto_init_nobinit_nopinit_hold_wdt:__TI_auto_init_nobinit_nopinit_hold_wdt</name>
         <load_address>0x8498</load_address>
         <run_address>0x8498</run_address>
         <size>0x6a</size>
         <input_file_ref idref="fl-4d"/>
      </object_component>
      <object_component id="oc-4f7">
         <name>.text:Init_Clocks</name>
         <load_address>0x8502</load_address>
         <run_address>0x8502</run_address>
         <size>0x68</size>
         <input_file_ref idref="fl-2"/>
      </object_component>
      <object_component id="oc-564">
         <name>.text:Init_Port1</name>
         <load_address>0x856a</load_address>
         <run_address>0x856a</run_address>
         <size>0x62</size>
         <input_file_ref idref="fl-6"/>
      </object_component>
      <object_component id="oc-57c">
         <name>.text:Init_Port5</name>
         <load_address>0x85cc</load_address>
         <run_address>0x85cc</run_address>
         <size>0x62</size>
         <input_file_ref idref="fl-6"/>
      </object_component>
      <object_component id="oc-4fd">
         <name>.text:Init_Conditions</name>
         <load_address>0x862e</load_address>
         <run_address>0x862e</run_address>
         <size>0x52</size>
         <input_file_ref idref="fl-3"/>
      </object_component>
      <object_component id="oc-503">
         <name>.text:Init_Timer_B0</name>
         <load_address>0x8680</load_address>
         <run_address>0x8680</run_address>
         <size>0x4a</size>
         <input_file_ref idref="fl-3"/>
      </object_component>
      <object_component id="oc-5c6">
         <name>.text:Display_Update</name>
         <load_address>0x86ca</load_address>
         <run_address>0x86ca</run_address>
         <size>0x44</size>
         <input_file_ref idref="fl-a"/>
      </object_component>
      <object_component id="oc-599">
         <name>.text:Init_SPI_B1</name>
         <load_address>0x870e</load_address>
         <run_address>0x870e</run_address>
         <size>0x40</size>
         <input_file_ref idref="fl-a"/>
      </object_component>
      <object_component id="oc-454">
         <name>.text:decompress:ZI:__TI_zero_init_nomemset:__TI_zero_init_nomemset</name>
         <load_address>0x874e</load_address>
         <run_address>0x874e</run_address>
         <size>0x3e</size>
         <input_file_ref idref="fl-42"/>
      </object_component>
      <object_component id="oc-4d2">
         <name>.text:__mpu_init</name>
         <load_address>0x878c</load_address>
         <run_address>0x878c</run_address>
         <size>0x3c</size>
         <input_file_ref idref="fl-4b"/>
      </object_component>
      <object_component id="oc-676">
         <name>.text:WriteData</name>
         <load_address>0x87c8</load_address>
         <run_address>0x87c8</run_address>
         <size>0x28</size>
         <input_file_ref idref="fl-a"/>
      </object_component>
      <object_component id="oc-5b1">
         <name>.text:WriteIns</name>
         <load_address>0x87f0</load_address>
         <run_address>0x87f0</run_address>
         <size>0x28</size>
         <input_file_ref idref="fl-a"/>
      </object_component>
      <object_component id="oc-516">
         <name>.text:Display_Process</name>
         <load_address>0x8818</load_address>
         <run_address>0x8818</run_address>
         <size>0x22</size>
         <input_file_ref idref="fl-3"/>
      </object_component>
      <object_component id="oc-614">
         <name>.text:SPI_B1_write</name>
         <load_address>0x883a</load_address>
         <run_address>0x883a</run_address>
         <size>0x1c</size>
         <input_file_ref idref="fl-a"/>
      </object_component>
      <object_component id="oc-635">
         <name>.text:lcd_out</name>
         <load_address>0x8856</load_address>
         <run_address>0x8856</run_address>
         <size>0x1c</size>
         <input_file_ref idref="fl-a"/>
      </object_component>
      <object_component id="oc-4f1">
         <name>.text:Init_Ports</name>
         <load_address>0x8872</load_address>
         <run_address>0x8872</run_address>
         <size>0x1a</size>
         <input_file_ref idref="fl-6"/>
      </object_component>
      <object_component id="oc-61b">
         <name>.text:ClrDisplay_Buffer_0</name>
         <load_address>0x888c</load_address>
         <run_address>0x888c</run_address>
         <size>0x18</size>
         <input_file_ref idref="fl-a"/>
      </object_component>
      <object_component id="oc-621">
         <name>.text:ClrDisplay_Buffer_1</name>
         <load_address>0x88a4</load_address>
         <run_address>0x88a4</run_address>
         <size>0x18</size>
         <input_file_ref idref="fl-a"/>
      </object_component>
      <object_component id="oc-627">
         <name>.text:ClrDisplay_Buffer_2</name>
         <load_address>0x88bc</load_address>
         <run_address>0x88bc</run_address>
         <size>0x18</size>
         <input_file_ref idref="fl-a"/>
      </object_component>
      <object_component id="oc-62d">
         <name>.text:ClrDisplay_Buffer_3</name>
         <load_address>0x88d4</load_address>
         <run_address>0x88d4</run_address>
         <size>0x18</size>
         <input_file_ref idref="fl-a"/>
      </object_component>
      <object_component id="oc-5b7">
         <name>.text:ClrDisplay</name>
         <load_address>0x88ec</load_address>
         <run_address>0x88ec</run_address>
         <size>0x16</size>
         <input_file_ref idref="fl-a"/>
      </object_component>
      <object_component id="oc-5a5">
         <name>.text:spi_chipselect_idle</name>
         <load_address>0x8902</load_address>
         <run_address>0x8902</run_address>
         <size>0x16</size>
         <input_file_ref idref="fl-a"/>
      </object_component>
      <object_component id="oc-60e">
         <name>.text:spi_chipselect_active</name>
         <load_address>0x8918</load_address>
         <run_address>0x8918</run_address>
         <size>0x12</size>
         <input_file_ref idref="fl-a"/>
      </object_component>
      <object_component id="oc-49f">
         <name>.text:strcpy</name>
         <load_address>0x892a</load_address>
         <run_address>0x892a</run_address>
         <size>0x10</size>
         <input_file_ref idref="fl-55"/>
      </object_component>
      <object_component id="oc-5bd">
         <name>.text:DisplayOnOff</name>
         <load_address>0x893a</load_address>
         <run_address>0x893a</run_address>
         <size>0xe</size>
         <input_file_ref idref="fl-a"/>
      </object_component>
      <object_component id="oc-591">
         <name>.text:enable_interrupts</name>
         <load_address>0x8948</load_address>
         <run_address>0x8948</run_address>
         <size>0x8</size>
         <input_file_ref idref="fl-8"/>
      </object_component>
      <object_component id="oc-51d">
         <name>.text:abort</name>
         <load_address>0x8950</load_address>
         <run_address>0x8950</run_address>
         <size>0x6</size>
         <input_file_ref idref="fl-51"/>
      </object_component>
      <object_component id="oc-5ab">
         <name>.text:spi_reset_active</name>
         <load_address>0x8956</load_address>
         <run_address>0x8956</run_address>
         <size>0x6</size>
         <input_file_ref idref="fl-a"/>
      </object_component>
      <object_component id="oc-59f">
         <name>.text:spi_reset_idle</name>
         <load_address>0x895c</load_address>
         <run_address>0x895c</run_address>
         <size>0x6</size>
         <input_file_ref idref="fl-a"/>
      </object_component>
      <object_component id="oc-4ba">
         <name>.text:_system_pre_init</name>
         <load_address>0x8962</load_address>
         <run_address>0x8962</run_address>
         <size>0x4</size>
         <input_file_ref idref="fl-4f"/>
      </object_component>
      <object_component id="oc-5df">
         <name>.text:_system_post_cinit</name>
         <load_address>0x8966</load_address>
         <run_address>0x8966</run_address>
         <size>0x2</size>
         <input_file_ref idref="fl-4e"/>
      </object_component>
      <object_component id="oc-448">
         <name>.text:_isr:TIMER0_B1_ISR</name>
         <load_address>0x8968</load_address>
         <run_address>0x8968</run_address>
         <size>0x3c</size>
         <input_file_ref idref="fl-8"/>
      </object_component>
      <object_component id="oc-437">
         <name>.text:_isr:switch1_interrupt</name>
         <load_address>0x89a4</load_address>
         <run_address>0x89a4</run_address>
         <size>0x38</size>
         <input_file_ref idref="fl-8"/>
      </object_component>
      <object_component id="oc-442">
         <name>.text:_isr:switch2_interrupt</name>
         <load_address>0x89dc</load_address>
         <run_address>0x89dc</run_address>
         <size>0x38</size>
         <input_file_ref idref="fl-8"/>
      </object_component>
      <object_component id="oc-44e">
         <name>.text:_isr:Timer0_B0_ISR</name>
         <load_address>0x8a14</load_address>
         <run_address>0x8a14</run_address>
         <size>0x30</size>
         <input_file_ref idref="fl-8"/>
      </object_component>
      <object_component id="oc-47e">
         <name>.text:_isr:_c_int00_noargs_mpu</name>
         <load_address>0x8a44</load_address>
         <run_address>0x8a44</run_address>
         <size>0x20</size>
         <input_file_ref idref="fl-4a"/>
      </object_component>
      <object_component id="oc-43d">
         <name>.text:_isr:__TI_ISR_TRAP</name>
         <load_address>0x8a64</load_address>
         <run_address>0x8a64</run_address>
         <size>0x8</size>
         <input_file_ref idref="fl-2e"/>
      </object_component>
      <object_component id="oc-4af">
         <name>.common:backlite_flag</name>
         <uninitialized>true</uninitialized>
         <run_address>0x2034</run_address>
         <size>0x2</size>
      </object_component>
      <object_component id="oc-510">
         <name>.common:wheel_move</name>
         <uninitialized>true</uninitialized>
         <run_address>0x203a</run_address>
         <size>0x2</size>
      </object_component>
      <object_component id="oc-513">
         <name>.common:forward</name>
         <uninitialized>true</uninitialized>
         <run_address>0x203e</run_address>
         <size>0x1</size>
      </object_component>
      <object_component id="oc-515">
         <name>.common:moving</name>
         <uninitialized>true</uninitialized>
         <run_address>0x2038</run_address>
         <size>0x2</size>
      </object_component>
      <object_component id="oc-514">
         <name>.common:start_moving</name>
         <uninitialized>true</uninitialized>
         <run_address>0x203f</run_address>
         <size>0x1</size>
      </object_component>
      <object_component id="oc-4a5">
         <name>.common:blinking</name>
         <uninitialized>true</uninitialized>
         <run_address>0x2036</run_address>
         <size>0x2</size>
      </object_component>
      <object_component id="oc-670">
         <name>.common:current_character</name>
         <uninitialized>true</uninitialized>
         <run_address>0x203c</run_address>
         <size>0x1</size>
      </object_component>
      <object_component id="oc-4ae">
         <name>.common:update_display</name>
         <uninitialized>true</uninitialized>
         <run_address>0x2040</run_address>
         <size>0x1</size>
      </object_component>
      <object_component id="oc-49a">
         <name>.common:display_changed</name>
         <uninitialized>true</uninitialized>
         <run_address>0x203d</run_address>
         <size>0x1</size>
      </object_component>
      <object_component id="oc-49d">
         <name>.common:display_line</name>
         <uninitialized>true</uninitialized>
         <run_address>0x2000</run_address>
         <size>0x2c</size>
      </object_component>
      <object_component id="oc-590">
         <name>.common:display</name>
         <uninitialized>true</uninitialized>
         <run_address>0x202c</run_address>
         <size>0x8</size>
      </object_component>
      <object_component id="oc-41c">
         <name>.stack</name>
         <uninitialized>true</uninitialized>
         <run_address>0x2f60</run_address>
         <size>0x2</size>
         <input_file_ref idref="fl-4a"/>
      </object_component>
      <object_component id="oc-6f7">
         <name>.stack</name>
         <uninitialized>true</uninitialized>
         <run_address>0x2f60</run_address>
         <size>0x0</size>
      </object_component>
      <object_component id="oc-72">
         <name>.int22</name>
         <load_address>0xffce</load_address>
         <run_address>0xffce</run_address>
         <size>0x2</size>
         <input_file_ref idref="fl-8"/>
      </object_component>
      <object_component id="oc-73">
         <name>.int23</name>
         <load_address>0xffd0</load_address>
         <run_address>0xffd0</run_address>
         <size>0x2</size>
         <input_file_ref idref="fl-2d"/>
      </object_component>
      <object_component id="oc-74">
         <name>.int24</name>
         <load_address>0xffd2</load_address>
         <run_address>0xffd2</run_address>
         <size>0x2</size>
         <input_file_ref idref="fl-8"/>
      </object_component>
      <object_component id="oc-75">
         <name>.int25</name>
         <load_address>0xffd4</load_address>
         <run_address>0xffd4</run_address>
         <size>0x2</size>
         <input_file_ref idref="fl-2f"/>
      </object_component>
      <object_component id="oc-76">
         <name>.int26</name>
         <load_address>0xffd6</load_address>
         <run_address>0xffd6</run_address>
         <size>0x2</size>
         <input_file_ref idref="fl-30"/>
      </object_component>
      <object_component id="oc-77">
         <name>.int27</name>
         <load_address>0xffd8</load_address>
         <run_address>0xffd8</run_address>
         <size>0x2</size>
         <input_file_ref idref="fl-31"/>
      </object_component>
      <object_component id="oc-78">
         <name>.int28</name>
         <load_address>0xffda</load_address>
         <run_address>0xffda</run_address>
         <size>0x2</size>
         <input_file_ref idref="fl-32"/>
      </object_component>
      <object_component id="oc-79">
         <name>.int29</name>
         <load_address>0xffdc</load_address>
         <run_address>0xffdc</run_address>
         <size>0x2</size>
         <input_file_ref idref="fl-33"/>
      </object_component>
      <object_component id="oc-7a">
         <name>.int30</name>
         <load_address>0xffde</load_address>
         <run_address>0xffde</run_address>
         <size>0x2</size>
         <input_file_ref idref="fl-34"/>
      </object_component>
      <object_component id="oc-7b">
         <name>.int31</name>
         <load_address>0xffe0</load_address>
         <run_address>0xffe0</run_address>
         <size>0x2</size>
         <input_file_ref idref="fl-35"/>
      </object_component>
      <object_component id="oc-7c">
         <name>.int32</name>
         <load_address>0xffe2</load_address>
         <run_address>0xffe2</run_address>
         <size>0x2</size>
         <input_file_ref idref="fl-36"/>
      </object_component>
      <object_component id="oc-7d">
         <name>.int33</name>
         <load_address>0xffe4</load_address>
         <run_address>0xffe4</run_address>
         <size>0x2</size>
         <input_file_ref idref="fl-37"/>
      </object_component>
      <object_component id="oc-7e">
         <name>.int34</name>
         <load_address>0xffe6</load_address>
         <run_address>0xffe6</run_address>
         <size>0x2</size>
         <input_file_ref idref="fl-38"/>
      </object_component>
      <object_component id="oc-7f">
         <name>.int35</name>
         <load_address>0xffe8</load_address>
         <run_address>0xffe8</run_address>
         <size>0x2</size>
         <input_file_ref idref="fl-39"/>
      </object_component>
      <object_component id="oc-80">
         <name>.int36</name>
         <load_address>0xffea</load_address>
         <run_address>0xffea</run_address>
         <size>0x2</size>
         <input_file_ref idref="fl-3a"/>
      </object_component>
      <object_component id="oc-81">
         <name>.int37</name>
         <load_address>0xffec</load_address>
         <run_address>0xffec</run_address>
         <size>0x2</size>
         <input_file_ref idref="fl-3b"/>
      </object_component>
      <object_component id="oc-82">
         <name>.int38</name>
         <load_address>0xffee</load_address>
         <run_address>0xffee</run_address>
         <size>0x2</size>
         <input_file_ref idref="fl-3c"/>
      </object_component>
      <object_component id="oc-83">
         <name>.int39</name>
         <load_address>0xfff0</load_address>
         <run_address>0xfff0</run_address>
         <size>0x2</size>
         <input_file_ref idref="fl-3d"/>
      </object_component>
      <object_component id="oc-84">
         <name>.int40</name>
         <load_address>0xfff2</load_address>
         <run_address>0xfff2</run_address>
         <size>0x2</size>
         <input_file_ref idref="fl-3e"/>
      </object_component>
      <object_component id="oc-85">
         <name>.int41</name>
         <load_address>0xfff4</load_address>
         <run_address>0xfff4</run_address>
         <size>0x2</size>
         <input_file_ref idref="fl-3f"/>
      </object_component>
      <object_component id="oc-86">
         <name>.int42</name>
         <load_address>0xfff6</load_address>
         <run_address>0xfff6</run_address>
         <size>0x2</size>
         <input_file_ref idref="fl-8"/>
      </object_component>
      <object_component id="oc-87">
         <name>.int43</name>
         <load_address>0xfff8</load_address>
         <run_address>0xfff8</run_address>
         <size>0x2</size>
         <input_file_ref idref="fl-8"/>
      </object_component>
      <object_component id="oc-88">
         <name>.int44</name>
         <load_address>0xfffa</load_address>
         <run_address>0xfffa</run_address>
         <size>0x2</size>
         <input_file_ref idref="fl-40"/>
      </object_component>
      <object_component id="oc-89">
         <name>.int45</name>
         <load_address>0xfffc</load_address>
         <run_address>0xfffc</run_address>
         <size>0x2</size>
         <input_file_ref idref="fl-41"/>
      </object_component>
      <object_component id="oc-41f">
         <name>.reset</name>
         <load_address>0xfffe</load_address>
         <run_address>0xfffe</run_address>
         <size>0x2</size>
         <input_file_ref idref="fl-4a"/>
      </object_component>
      <object_component id="oc-563">
         <name>.debug_info</name>
         <load_address>0x0</load_address>
         <run_address>0x0</run_address>
         <size>0x2a2</size>
         <input_file_ref idref="fl-2"/>
      </object_component>
      <object_component id="oc-58a">
         <name>.debug_info</name>
         <load_address>0x2a2</load_address>
         <run_address>0x2a2</run_address>
         <size>0x22e</size>
         <input_file_ref idref="fl-2"/>
      </object_component>
      <object_component id="oc-4f8">
         <name>.debug_info</name>
         <load_address>0x4d0</load_address>
         <run_address>0x4d0</run_address>
         <size>0x11e</size>
         <input_file_ref idref="fl-2"/>
      </object_component>
      <object_component id="oc-426">
         <name>.debug_info</name>
         <load_address>0x5ee</load_address>
         <run_address>0x5ee</run_address>
         <size>0x84</size>
         <input_file_ref idref="fl-2"/>
      </object_component>
      <object_component id="oc-4e7">
         <name>.debug_info</name>
         <load_address>0x672</load_address>
         <run_address>0x672</run_address>
         <size>0x35</size>
         <input_file_ref idref="fl-2"/>
      </object_component>
      <object_component id="oc-4b0">
         <name>.debug_info</name>
         <load_address>0x6a7</load_address>
         <run_address>0x6a7</run_address>
         <size>0x500</size>
         <input_file_ref idref="fl-3"/>
      </object_component>
      <object_component id="oc-504">
         <name>.debug_info</name>
         <load_address>0xba7</load_address>
         <run_address>0xba7</run_address>
         <size>0x108</size>
         <input_file_ref idref="fl-3"/>
      </object_component>
      <object_component id="oc-4fe">
         <name>.debug_info</name>
         <load_address>0xcaf</load_address>
         <run_address>0xcaf</run_address>
         <size>0x12f</size>
         <input_file_ref idref="fl-3"/>
      </object_component>
      <object_component id="oc-517">
         <name>.debug_info</name>
         <load_address>0xdde</load_address>
         <run_address>0xdde</run_address>
         <size>0x121</size>
         <input_file_ref idref="fl-3"/>
      </object_component>
      <object_component id="oc-4a8">
         <name>.debug_info</name>
         <load_address>0xeff</load_address>
         <run_address>0xeff</run_address>
         <size>0x5a3</size>
         <input_file_ref idref="fl-5"/>
      </object_component>
      <object_component id="oc-4c1">
         <name>.debug_info</name>
         <load_address>0x14a2</load_address>
         <run_address>0x14a2</run_address>
         <size>0x196</size>
         <input_file_ref idref="fl-5"/>
      </object_component>
      <object_component id="oc-565">
         <name>.debug_info</name>
         <load_address>0x1638</load_address>
         <run_address>0x1638</run_address>
         <size>0x105</size>
         <input_file_ref idref="fl-6"/>
      </object_component>
      <object_component id="oc-56b">
         <name>.debug_info</name>
         <load_address>0x173d</load_address>
         <run_address>0x173d</run_address>
         <size>0x105</size>
         <input_file_ref idref="fl-6"/>
      </object_component>
      <object_component id="oc-571">
         <name>.debug_info</name>
         <load_address>0x1842</load_address>
         <run_address>0x1842</run_address>
         <size>0x105</size>
         <input_file_ref idref="fl-6"/>
      </object_component>
      <object_component id="oc-577">
         <name>.debug_info</name>
         <load_address>0x1947</load_address>
         <run_address>0x1947</run_address>
         <size>0x105</size>
         <input_file_ref idref="fl-6"/>
      </object_component>
      <object_component id="oc-57d">
         <name>.debug_info</name>
         <load_address>0x1a4c</load_address>
         <run_address>0x1a4c</run_address>
         <size>0x105</size>
         <input_file_ref idref="fl-6"/>
      </object_component>
      <object_component id="oc-583">
         <name>.debug_info</name>
         <load_address>0x1b51</load_address>
         <run_address>0x1b51</run_address>
         <size>0x106</size>
         <input_file_ref idref="fl-6"/>
      </object_component>
      <object_component id="oc-4f3">
         <name>.debug_info</name>
         <load_address>0x1c57</load_address>
         <run_address>0x1c57</run_address>
         <size>0x16b</size>
         <input_file_ref idref="fl-6"/>
      </object_component>
      <object_component id="oc-4a6">
         <name>.debug_info</name>
         <load_address>0x1dc2</load_address>
         <run_address>0x1dc2</run_address>
         <size>0x3a7</size>
         <input_file_ref idref="fl-8"/>
      </object_component>
      <object_component id="oc-446">
         <name>.debug_info</name>
         <load_address>0x2169</load_address>
         <run_address>0x2169</run_address>
         <size>0x124</size>
         <input_file_ref idref="fl-8"/>
      </object_component>
      <object_component id="oc-43b">
         <name>.debug_info</name>
         <load_address>0x228d</load_address>
         <run_address>0x228d</run_address>
         <size>0x124</size>
         <input_file_ref idref="fl-8"/>
      </object_component>
      <object_component id="oc-595">
         <name>.debug_info</name>
         <load_address>0x23b1</load_address>
         <run_address>0x23b1</run_address>
         <size>0x116</size>
         <input_file_ref idref="fl-8"/>
      </object_component>
      <object_component id="oc-452">
         <name>.debug_info</name>
         <load_address>0x24c7</load_address>
         <run_address>0x24c7</run_address>
         <size>0x10f</size>
         <input_file_ref idref="fl-8"/>
      </object_component>
      <object_component id="oc-449">
         <name>.debug_info</name>
         <load_address>0x25d6</load_address>
         <run_address>0x25d6</run_address>
         <size>0x10f</size>
         <input_file_ref idref="fl-8"/>
      </object_component>
      <object_component id="oc-511">
         <name>.debug_info</name>
         <load_address>0x26e5</load_address>
         <run_address>0x26e5</run_address>
         <size>0x418</size>
         <input_file_ref idref="fl-9"/>
      </object_component>
      <object_component id="oc-49b">
         <name>.debug_info</name>
         <load_address>0x2afd</load_address>
         <run_address>0x2afd</run_address>
         <size>0x536</size>
         <input_file_ref idref="fl-a"/>
      </object_component>
      <object_component id="oc-5a2">
         <name>.debug_info</name>
         <load_address>0x3033</load_address>
         <run_address>0x3033</run_address>
         <size>0x12e</size>
         <input_file_ref idref="fl-a"/>
      </object_component>
      <object_component id="oc-5af">
         <name>.debug_info</name>
         <load_address>0x3161</load_address>
         <run_address>0x3161</run_address>
         <size>0x132</size>
         <input_file_ref idref="fl-a"/>
      </object_component>
      <object_component id="oc-5a9">
         <name>.debug_info</name>
         <load_address>0x3293</load_address>
         <run_address>0x3293</run_address>
         <size>0x138</size>
         <input_file_ref idref="fl-a"/>
      </object_component>
      <object_component id="oc-612">
         <name>.debug_info</name>
         <load_address>0x33cb</load_address>
         <run_address>0x33cb</run_address>
         <size>0x13c</size>
         <input_file_ref idref="fl-a"/>
      </object_component>
      <object_component id="oc-618">
         <name>.debug_info</name>
         <load_address>0x3507</load_address>
         <run_address>0x3507</run_address>
         <size>0x14f</size>
         <input_file_ref idref="fl-a"/>
      </object_component>
      <object_component id="oc-67a">
         <name>.debug_info</name>
         <load_address>0x3656</load_address>
         <run_address>0x3656</run_address>
         <size>0x1b6</size>
         <input_file_ref idref="fl-a"/>
      </object_component>
      <object_component id="oc-5b5">
         <name>.debug_info</name>
         <load_address>0x380c</load_address>
         <run_address>0x380c</run_address>
         <size>0x1cf</size>
         <input_file_ref idref="fl-a"/>
      </object_component>
      <object_component id="oc-639">
         <name>.debug_info</name>
         <load_address>0x39db</load_address>
         <run_address>0x39db</run_address>
         <size>0x1a9</size>
         <input_file_ref idref="fl-a"/>
      </object_component>
      <object_component id="oc-59d">
         <name>.debug_info</name>
         <load_address>0x3b84</load_address>
         <run_address>0x3b84</run_address>
         <size>0x12b</size>
         <input_file_ref idref="fl-a"/>
      </object_component>
      <object_component id="oc-61f">
         <name>.debug_info</name>
         <load_address>0x3caf</load_address>
         <run_address>0x3caf</run_address>
         <size>0x146</size>
         <input_file_ref idref="fl-a"/>
      </object_component>
      <object_component id="oc-625">
         <name>.debug_info</name>
         <load_address>0x3df5</load_address>
         <run_address>0x3df5</run_address>
         <size>0x146</size>
         <input_file_ref idref="fl-a"/>
      </object_component>
      <object_component id="oc-62b">
         <name>.debug_info</name>
         <load_address>0x3f3b</load_address>
         <run_address>0x3f3b</run_address>
         <size>0x146</size>
         <input_file_ref idref="fl-a"/>
      </object_component>
      <object_component id="oc-631">
         <name>.debug_info</name>
         <load_address>0x4081</load_address>
         <run_address>0x4081</run_address>
         <size>0x146</size>
         <input_file_ref idref="fl-a"/>
      </object_component>
      <object_component id="oc-5bb">
         <name>.debug_info</name>
         <load_address>0x41c7</load_address>
         <run_address>0x41c7</run_address>
         <size>0x191</size>
         <input_file_ref idref="fl-a"/>
      </object_component>
      <object_component id="oc-5c1">
         <name>.debug_info</name>
         <load_address>0x4358</load_address>
         <run_address>0x4358</run_address>
         <size>0x14d</size>
         <input_file_ref idref="fl-a"/>
      </object_component>
      <object_component id="oc-50d">
         <name>.debug_info</name>
         <load_address>0x44a5</load_address>
         <run_address>0x44a5</run_address>
         <size>0x249</size>
         <input_file_ref idref="fl-a"/>
      </object_component>
      <object_component id="oc-5ca">
         <name>.debug_info</name>
         <load_address>0x46ee</load_address>
         <run_address>0x46ee</run_address>
         <size>0x1ee</size>
         <input_file_ref idref="fl-a"/>
      </object_component>
      <object_component id="oc-43f">
         <name>.debug_info</name>
         <load_address>0x48dc</load_address>
         <run_address>0x48dc</run_address>
         <size>0x10f</size>
         <input_file_ref idref="fl-2e"/>
      </object_component>
      <object_component id="oc-456">
         <name>.debug_info</name>
         <load_address>0x49eb</load_address>
         <run_address>0x49eb</run_address>
         <size>0x1d3</size>
         <input_file_ref idref="fl-42"/>
      </object_component>
      <object_component id="oc-4b4">
         <name>.debug_info</name>
         <load_address>0x4bbe</load_address>
         <run_address>0x4bbe</run_address>
         <size>0x46</size>
         <input_file_ref idref="fl-42"/>
      </object_component>
      <object_component id="oc-41d">
         <name>.debug_info</name>
         <load_address>0x4c04</load_address>
         <run_address>0x4c04</run_address>
         <size>0x100</size>
         <input_file_ref idref="fl-4a"/>
      </object_component>
      <object_component id="oc-480">
         <name>.debug_info</name>
         <load_address>0x4d04</load_address>
         <run_address>0x4d04</run_address>
         <size>0x193</size>
         <input_file_ref idref="fl-4a"/>
      </object_component>
      <object_component id="oc-4d3">
         <name>.debug_info</name>
         <load_address>0x4e97</load_address>
         <run_address>0x4e97</run_address>
         <size>0x1ae</size>
         <input_file_ref idref="fl-4b"/>
      </object_component>
      <object_component id="oc-55c">
         <name>.debug_info</name>
         <load_address>0x5045</load_address>
         <run_address>0x5045</run_address>
         <size>0x18b</size>
         <input_file_ref idref="fl-4b"/>
      </object_component>
      <object_component id="oc-5e6">
         <name>.debug_info</name>
         <load_address>0x51d0</load_address>
         <run_address>0x51d0</run_address>
         <size>0x409</size>
         <input_file_ref idref="fl-4d"/>
      </object_component>
      <object_component id="oc-543">
         <name>.debug_info</name>
         <load_address>0x55d9</load_address>
         <run_address>0x55d9</run_address>
         <size>0x216</size>
         <input_file_ref idref="fl-4d"/>
      </object_component>
      <object_component id="oc-653">
         <name>.debug_info</name>
         <load_address>0x57ef</load_address>
         <run_address>0x57ef</run_address>
         <size>0x39</size>
         <input_file_ref idref="fl-4d"/>
      </object_component>
      <object_component id="oc-66a">
         <name>.debug_info</name>
         <load_address>0x5828</load_address>
         <run_address>0x5828</run_address>
         <size>0x2c</size>
         <input_file_ref idref="fl-4d"/>
      </object_component>
      <object_component id="oc-5f1">
         <name>.debug_info</name>
         <load_address>0x5854</load_address>
         <run_address>0x5854</run_address>
         <size>0x2c</size>
         <input_file_ref idref="fl-4d"/>
      </object_component>
      <object_component id="oc-658">
         <name>.debug_info</name>
         <load_address>0x5880</load_address>
         <run_address>0x5880</run_address>
         <size>0xcd</size>
         <input_file_ref idref="fl-4d"/>
      </object_component>
      <object_component id="oc-5e0">
         <name>.debug_info</name>
         <load_address>0x594d</load_address>
         <run_address>0x594d</run_address>
         <size>0x150</size>
         <input_file_ref idref="fl-4e"/>
      </object_component>
      <object_component id="oc-4bb">
         <name>.debug_info</name>
         <load_address>0x5a9d</load_address>
         <run_address>0x5a9d</run_address>
         <size>0x153</size>
         <input_file_ref idref="fl-4f"/>
      </object_component>
      <object_component id="oc-521">
         <name>.debug_info</name>
         <load_address>0x5bf0</load_address>
         <run_address>0x5bf0</run_address>
         <size>0x122</size>
         <input_file_ref idref="fl-51"/>
      </object_component>
      <object_component id="oc-4e4">
         <name>.debug_info</name>
         <load_address>0x5d12</load_address>
         <run_address>0x5d12</run_address>
         <size>0x17c</size>
         <input_file_ref idref="fl-55"/>
      </object_component>
      <object_component id="oc-4a2">
         <name>.debug_info</name>
         <load_address>0x5e8e</load_address>
         <run_address>0x5e8e</run_address>
         <size>0x24d</size>
         <input_file_ref idref="fl-55"/>
      </object_component>
      <object_component id="oc-6f8">
         <name>.debug_info</name>
         <load_address>0x60db</load_address>
         <run_address>0x60db</run_address>
         <size>0xa3</size>
      </object_component>
      <object_component id="oc-601">
         <name>.debug_line</name>
         <load_address>0x0</load_address>
         <run_address>0x0</run_address>
         <size>0x67</size>
         <input_file_ref idref="fl-2"/>
      </object_component>
      <object_component id="oc-58d">
         <name>.debug_line</name>
         <load_address>0x67</load_address>
         <run_address>0x67</run_address>
         <size>0x84</size>
         <input_file_ref idref="fl-2"/>
      </object_component>
      <object_component id="oc-4fb">
         <name>.debug_line</name>
         <load_address>0xeb</load_address>
         <run_address>0xeb</run_address>
         <size>0x59</size>
         <input_file_ref idref="fl-2"/>
      </object_component>
      <object_component id="oc-429">
         <name>.debug_line</name>
         <load_address>0x144</load_address>
         <run_address>0x144</run_address>
         <size>0x20</size>
         <input_file_ref idref="fl-2"/>
      </object_component>
      <object_component id="oc-4ea">
         <name>.debug_line</name>
         <load_address>0x164</load_address>
         <run_address>0x164</run_address>
         <size>0x82</size>
         <input_file_ref idref="fl-2"/>
      </object_component>
      <object_component id="oc-4ef">
         <name>.debug_line</name>
         <load_address>0x1e6</load_address>
         <run_address>0x1e6</run_address>
         <size>0x86</size>
         <input_file_ref idref="fl-3"/>
      </object_component>
      <object_component id="oc-507">
         <name>.debug_line</name>
         <load_address>0x26c</load_address>
         <run_address>0x26c</run_address>
         <size>0x4f</size>
         <input_file_ref idref="fl-3"/>
      </object_component>
      <object_component id="oc-501">
         <name>.debug_line</name>
         <load_address>0x2bb</load_address>
         <run_address>0x2bb</run_address>
         <size>0x55</size>
         <input_file_ref idref="fl-3"/>
      </object_component>
      <object_component id="oc-51a">
         <name>.debug_line</name>
         <load_address>0x310</load_address>
         <run_address>0x310</run_address>
         <size>0x4b</size>
         <input_file_ref idref="fl-3"/>
      </object_component>
      <object_component id="oc-4ed">
         <name>.debug_line</name>
         <load_address>0x35b</load_address>
         <run_address>0x35b</run_address>
         <size>0xdf</size>
         <input_file_ref idref="fl-5"/>
      </object_component>
      <object_component id="oc-4c4">
         <name>.debug_line</name>
         <load_address>0x43a</load_address>
         <run_address>0x43a</run_address>
         <size>0x53</size>
         <input_file_ref idref="fl-5"/>
      </object_component>
      <object_component id="oc-568">
         <name>.debug_line</name>
         <load_address>0x48d</load_address>
         <run_address>0x48d</run_address>
         <size>0x54</size>
         <input_file_ref idref="fl-6"/>
      </object_component>
      <object_component id="oc-56e">
         <name>.debug_line</name>
         <load_address>0x4e1</load_address>
         <run_address>0x4e1</run_address>
         <size>0x65</size>
         <input_file_ref idref="fl-6"/>
      </object_component>
      <object_component id="oc-574">
         <name>.debug_line</name>
         <load_address>0x546</load_address>
         <run_address>0x546</run_address>
         <size>0x5f</size>
         <input_file_ref idref="fl-6"/>
      </object_component>
      <object_component id="oc-57a">
         <name>.debug_line</name>
         <load_address>0x5a5</load_address>
         <run_address>0x5a5</run_address>
         <size>0x5f</size>
         <input_file_ref idref="fl-6"/>
      </object_component>
      <object_component id="oc-580">
         <name>.debug_line</name>
         <load_address>0x604</load_address>
         <run_address>0x604</run_address>
         <size>0x59</size>
         <input_file_ref idref="fl-6"/>
      </object_component>
      <object_component id="oc-586">
         <name>.debug_line</name>
         <load_address>0x65d</load_address>
         <run_address>0x65d</run_address>
         <size>0x61</size>
         <input_file_ref idref="fl-6"/>
      </object_component>
      <object_component id="oc-4f5">
         <name>.debug_line</name>
         <load_address>0x6be</load_address>
         <run_address>0x6be</run_address>
         <size>0x46</size>
         <input_file_ref idref="fl-6"/>
      </object_component>
      <object_component id="oc-4e6">
         <name>.debug_line</name>
         <load_address>0x704</load_address>
         <run_address>0x704</run_address>
         <size>0xcf</size>
         <input_file_ref idref="fl-8"/>
      </object_component>
      <object_component id="oc-443">
         <name>.debug_line</name>
         <load_address>0x7d3</load_address>
         <run_address>0x7d3</run_address>
         <size>0x4f</size>
         <input_file_ref idref="fl-8"/>
      </object_component>
      <object_component id="oc-438">
         <name>.debug_line</name>
         <load_address>0x822</load_address>
         <run_address>0x822</run_address>
         <size>0x4f</size>
         <input_file_ref idref="fl-8"/>
      </object_component>
      <object_component id="oc-592">
         <name>.debug_line</name>
         <load_address>0x871</load_address>
         <run_address>0x871</run_address>
         <size>0x42</size>
         <input_file_ref idref="fl-8"/>
      </object_component>
      <object_component id="oc-44f">
         <name>.debug_line</name>
         <load_address>0x8b3</load_address>
         <run_address>0x8b3</run_address>
         <size>0x54</size>
         <input_file_ref idref="fl-8"/>
      </object_component>
      <object_component id="oc-44c">
         <name>.debug_line</name>
         <load_address>0x907</load_address>
         <run_address>0x907</run_address>
         <size>0x50</size>
         <input_file_ref idref="fl-8"/>
      </object_component>
      <object_component id="oc-5c5">
         <name>.debug_line</name>
         <load_address>0x957</load_address>
         <run_address>0x957</run_address>
         <size>0x76</size>
         <input_file_ref idref="fl-9"/>
      </object_component>
      <object_component id="oc-4e2">
         <name>.debug_line</name>
         <load_address>0x9cd</load_address>
         <run_address>0x9cd</run_address>
         <size>0x74</size>
         <input_file_ref idref="fl-a"/>
      </object_component>
      <object_component id="oc-5a4">
         <name>.debug_line</name>
         <load_address>0xa41</load_address>
         <run_address>0xa41</run_address>
         <size>0x42</size>
         <input_file_ref idref="fl-a"/>
      </object_component>
      <object_component id="oc-5ad">
         <name>.debug_line</name>
         <load_address>0xa83</load_address>
         <run_address>0xa83</run_address>
         <size>0x42</size>
         <input_file_ref idref="fl-a"/>
      </object_component>
      <object_component id="oc-5a7">
         <name>.debug_line</name>
         <load_address>0xac5</load_address>
         <run_address>0xac5</run_address>
         <size>0x43</size>
         <input_file_ref idref="fl-a"/>
      </object_component>
      <object_component id="oc-610">
         <name>.debug_line</name>
         <load_address>0xb08</load_address>
         <run_address>0xb08</run_address>
         <size>0x43</size>
         <input_file_ref idref="fl-a"/>
      </object_component>
      <object_component id="oc-616">
         <name>.debug_line</name>
         <load_address>0xb4b</load_address>
         <run_address>0xb4b</run_address>
         <size>0x4b</size>
         <input_file_ref idref="fl-a"/>
      </object_component>
      <object_component id="oc-678">
         <name>.debug_line</name>
         <load_address>0xb96</load_address>
         <run_address>0xb96</run_address>
         <size>0x46</size>
         <input_file_ref idref="fl-a"/>
      </object_component>
      <object_component id="oc-5b3">
         <name>.debug_line</name>
         <load_address>0xbdc</load_address>
         <run_address>0xbdc</run_address>
         <size>0x46</size>
         <input_file_ref idref="fl-a"/>
      </object_component>
      <object_component id="oc-637">
         <name>.debug_line</name>
         <load_address>0xc22</load_address>
         <run_address>0xc22</run_address>
         <size>0x49</size>
         <input_file_ref idref="fl-a"/>
      </object_component>
      <object_component id="oc-59b">
         <name>.debug_line</name>
         <load_address>0xc6b</load_address>
         <run_address>0xc6b</run_address>
         <size>0x4b</size>
         <input_file_ref idref="fl-a"/>
      </object_component>
      <object_component id="oc-61d">
         <name>.debug_line</name>
         <load_address>0xcb6</load_address>
         <run_address>0xcb6</run_address>
         <size>0x48</size>
         <input_file_ref idref="fl-a"/>
      </object_component>
      <object_component id="oc-623">
         <name>.debug_line</name>
         <load_address>0xcfe</load_address>
         <run_address>0xcfe</run_address>
         <size>0x48</size>
         <input_file_ref idref="fl-a"/>
      </object_component>
      <object_component id="oc-629">
         <name>.debug_line</name>
         <load_address>0xd46</load_address>
         <run_address>0xd46</run_address>
         <size>0x48</size>
         <input_file_ref idref="fl-a"/>
      </object_component>
      <object_component id="oc-62f">
         <name>.debug_line</name>
         <load_address>0xd8e</load_address>
         <run_address>0xd8e</run_address>
         <size>0x48</size>
         <input_file_ref idref="fl-a"/>
      </object_component>
      <object_component id="oc-5b9">
         <name>.debug_line</name>
         <load_address>0xdd6</load_address>
         <run_address>0xdd6</run_address>
         <size>0x46</size>
         <input_file_ref idref="fl-a"/>
      </object_component>
      <object_component id="oc-5bf">
         <name>.debug_line</name>
         <load_address>0xe1c</load_address>
         <run_address>0xe1c</run_address>
         <size>0x43</size>
         <input_file_ref idref="fl-a"/>
      </object_component>
      <object_component id="oc-50b">
         <name>.debug_line</name>
         <load_address>0xe5f</load_address>
         <run_address>0xe5f</run_address>
         <size>0x56</size>
         <input_file_ref idref="fl-a"/>
      </object_component>
      <object_component id="oc-5c8">
         <name>.debug_line</name>
         <load_address>0xeb5</load_address>
         <run_address>0xeb5</run_address>
         <size>0x45</size>
         <input_file_ref idref="fl-a"/>
      </object_component>
      <object_component id="oc-441">
         <name>.debug_line</name>
         <load_address>0xefa</load_address>
         <run_address>0xefa</run_address>
         <size>0x3d</size>
         <input_file_ref idref="fl-2e"/>
      </object_component>
      <object_component id="oc-458">
         <name>.debug_line</name>
         <load_address>0xf37</load_address>
         <run_address>0xf37</run_address>
         <size>0x4e</size>
         <input_file_ref idref="fl-42"/>
      </object_component>
      <object_component id="oc-4b7">
         <name>.debug_line</name>
         <load_address>0xf85</load_address>
         <run_address>0xf85</run_address>
         <size>0x34</size>
         <input_file_ref idref="fl-42"/>
      </object_component>
      <object_component id="oc-491">
         <name>.debug_line</name>
         <load_address>0xfb9</load_address>
         <run_address>0xfb9</run_address>
         <size>0x2a</size>
         <input_file_ref idref="fl-4a"/>
      </object_component>
      <object_component id="oc-482">
         <name>.debug_line</name>
         <load_address>0xfe3</load_address>
         <run_address>0xfe3</run_address>
         <size>0x4b</size>
         <input_file_ref idref="fl-4a"/>
      </object_component>
      <object_component id="oc-4d6">
         <name>.debug_line</name>
         <load_address>0x102e</load_address>
         <run_address>0x102e</run_address>
         <size>0x49</size>
         <input_file_ref idref="fl-4b"/>
      </object_component>
      <object_component id="oc-55f">
         <name>.debug_line</name>
         <load_address>0x1077</load_address>
         <run_address>0x1077</run_address>
         <size>0x71</size>
         <input_file_ref idref="fl-4b"/>
      </object_component>
      <object_component id="oc-652">
         <name>.debug_line</name>
         <load_address>0x10e8</load_address>
         <run_address>0x10e8</run_address>
         <size>0xbf</size>
         <input_file_ref idref="fl-4d"/>
      </object_component>
      <object_component id="oc-545">
         <name>.debug_line</name>
         <load_address>0x11a7</load_address>
         <run_address>0x11a7</run_address>
         <size>0x84</size>
         <input_file_ref idref="fl-4d"/>
      </object_component>
      <object_component id="oc-656">
         <name>.debug_line</name>
         <load_address>0x122b</load_address>
         <run_address>0x122b</run_address>
         <size>0x2e</size>
         <input_file_ref idref="fl-4d"/>
      </object_component>
      <object_component id="oc-66d">
         <name>.debug_line</name>
         <load_address>0x1259</load_address>
         <run_address>0x1259</run_address>
         <size>0x9a</size>
         <input_file_ref idref="fl-4d"/>
      </object_component>
      <object_component id="oc-5f4">
         <name>.debug_line</name>
         <load_address>0x12f3</load_address>
         <run_address>0x12f3</run_address>
         <size>0x97</size>
         <input_file_ref idref="fl-4d"/>
      </object_component>
      <object_component id="oc-65b">
         <name>.debug_line</name>
         <load_address>0x138a</load_address>
         <run_address>0x138a</run_address>
         <size>0x93</size>
         <input_file_ref idref="fl-4d"/>
      </object_component>
      <object_component id="oc-5e3">
         <name>.debug_line</name>
         <load_address>0x141d</load_address>
         <run_address>0x141d</run_address>
         <size>0x3a</size>
         <input_file_ref idref="fl-4e"/>
      </object_component>
      <object_component id="oc-4be">
         <name>.debug_line</name>
         <load_address>0x1457</load_address>
         <run_address>0x1457</run_address>
         <size>0x3e</size>
         <input_file_ref idref="fl-4f"/>
      </object_component>
      <object_component id="oc-51f">
         <name>.debug_line</name>
         <load_address>0x1495</load_address>
         <run_address>0x1495</run_address>
         <size>0x3d</size>
         <input_file_ref idref="fl-51"/>
      </object_component>
      <object_component id="oc-562">
         <name>.debug_line</name>
         <load_address>0x14d2</load_address>
         <run_address>0x14d2</run_address>
         <size>0x20</size>
         <input_file_ref idref="fl-55"/>
      </object_component>
      <object_component id="oc-4a1">
         <name>.debug_line</name>
         <load_address>0x14f2</load_address>
         <run_address>0x14f2</run_address>
         <size>0xa8</size>
         <input_file_ref idref="fl-55"/>
      </object_component>
      <object_component id="oc-58e">
         <name>.debug_frame</name>
         <load_address>0x0</load_address>
         <run_address>0x0</run_address>
         <size>0x50</size>
         <input_file_ref idref="fl-2"/>
      </object_component>
      <object_component id="oc-4fc">
         <name>.debug_frame</name>
         <load_address>0x50</load_address>
         <run_address>0x50</run_address>
         <size>0x3c</size>
         <input_file_ref idref="fl-2"/>
      </object_component>
      <object_component id="oc-508">
         <name>.debug_frame</name>
         <load_address>0x8c</load_address>
         <run_address>0x8c</run_address>
         <size>0x3c</size>
         <input_file_ref idref="fl-3"/>
      </object_component>
      <object_component id="oc-502">
         <name>.debug_frame</name>
         <load_address>0xc8</load_address>
         <run_address>0xc8</run_address>
         <size>0x3c</size>
         <input_file_ref idref="fl-3"/>
      </object_component>
      <object_component id="oc-51b">
         <name>.debug_frame</name>
         <load_address>0x104</load_address>
         <run_address>0x104</run_address>
         <size>0x3c</size>
         <input_file_ref idref="fl-3"/>
      </object_component>
      <object_component id="oc-4c5">
         <name>.debug_frame</name>
         <load_address>0x140</load_address>
         <run_address>0x140</run_address>
         <size>0x3c</size>
         <input_file_ref idref="fl-5"/>
      </object_component>
      <object_component id="oc-569">
         <name>.debug_frame</name>
         <load_address>0x17c</load_address>
         <run_address>0x17c</run_address>
         <size>0x3c</size>
         <input_file_ref idref="fl-6"/>
      </object_component>
      <object_component id="oc-56f">
         <name>.debug_frame</name>
         <load_address>0x1b8</load_address>
         <run_address>0x1b8</run_address>
         <size>0x40</size>
         <input_file_ref idref="fl-6"/>
      </object_component>
      <object_component id="oc-575">
         <name>.debug_frame</name>
         <load_address>0x1f8</load_address>
         <run_address>0x1f8</run_address>
         <size>0x40</size>
         <input_file_ref idref="fl-6"/>
      </object_component>
      <object_component id="oc-57b">
         <name>.debug_frame</name>
         <load_address>0x238</load_address>
         <run_address>0x238</run_address>
         <size>0x40</size>
         <input_file_ref idref="fl-6"/>
      </object_component>
      <object_component id="oc-581">
         <name>.debug_frame</name>
         <load_address>0x278</load_address>
         <run_address>0x278</run_address>
         <size>0x3c</size>
         <input_file_ref idref="fl-6"/>
      </object_component>
      <object_component id="oc-587">
         <name>.debug_frame</name>
         <load_address>0x2b4</load_address>
         <run_address>0x2b4</run_address>
         <size>0x40</size>
         <input_file_ref idref="fl-6"/>
      </object_component>
      <object_component id="oc-4f6">
         <name>.debug_frame</name>
         <load_address>0x2f4</load_address>
         <run_address>0x2f4</run_address>
         <size>0x3c</size>
         <input_file_ref idref="fl-6"/>
      </object_component>
      <object_component id="oc-444">
         <name>.debug_frame</name>
         <load_address>0x330</load_address>
         <run_address>0x330</run_address>
         <size>0x4c</size>
         <input_file_ref idref="fl-8"/>
      </object_component>
      <object_component id="oc-439">
         <name>.debug_frame</name>
         <load_address>0x37c</load_address>
         <run_address>0x37c</run_address>
         <size>0x4c</size>
         <input_file_ref idref="fl-8"/>
      </object_component>
      <object_component id="oc-593">
         <name>.debug_frame</name>
         <load_address>0x3c8</load_address>
         <run_address>0x3c8</run_address>
         <size>0x3c</size>
         <input_file_ref idref="fl-8"/>
      </object_component>
      <object_component id="oc-450">
         <name>.debug_frame</name>
         <load_address>0x404</load_address>
         <run_address>0x404</run_address>
         <size>0x3c</size>
         <input_file_ref idref="fl-8"/>
      </object_component>
      <object_component id="oc-44d">
         <name>.debug_frame</name>
         <load_address>0x440</load_address>
         <run_address>0x440</run_address>
         <size>0x44</size>
         <input_file_ref idref="fl-8"/>
      </object_component>
      <object_component id="oc-5a1">
         <name>.debug_frame</name>
         <load_address>0x484</load_address>
         <run_address>0x484</run_address>
         <size>0x3c</size>
         <input_file_ref idref="fl-a"/>
      </object_component>
      <object_component id="oc-5ae">
         <name>.debug_frame</name>
         <load_address>0x4c0</load_address>
         <run_address>0x4c0</run_address>
         <size>0x3c</size>
         <input_file_ref idref="fl-a"/>
      </object_component>
      <object_component id="oc-5a8">
         <name>.debug_frame</name>
         <load_address>0x4fc</load_address>
         <run_address>0x4fc</run_address>
         <size>0x3c</size>
         <input_file_ref idref="fl-a"/>
      </object_component>
      <object_component id="oc-611">
         <name>.debug_frame</name>
         <load_address>0x538</load_address>
         <run_address>0x538</run_address>
         <size>0x3c</size>
         <input_file_ref idref="fl-a"/>
      </object_component>
      <object_component id="oc-617">
         <name>.debug_frame</name>
         <load_address>0x574</load_address>
         <run_address>0x574</run_address>
         <size>0x3c</size>
         <input_file_ref idref="fl-a"/>
      </object_component>
      <object_component id="oc-679">
         <name>.debug_frame</name>
         <load_address>0x5b0</load_address>
         <run_address>0x5b0</run_address>
         <size>0x3c</size>
         <input_file_ref idref="fl-a"/>
      </object_component>
      <object_component id="oc-5b4">
         <name>.debug_frame</name>
         <load_address>0x5ec</load_address>
         <run_address>0x5ec</run_address>
         <size>0x3c</size>
         <input_file_ref idref="fl-a"/>
      </object_component>
      <object_component id="oc-638">
         <name>.debug_frame</name>
         <load_address>0x628</load_address>
         <run_address>0x628</run_address>
         <size>0x3c</size>
         <input_file_ref idref="fl-a"/>
      </object_component>
      <object_component id="oc-59c">
         <name>.debug_frame</name>
         <load_address>0x664</load_address>
         <run_address>0x664</run_address>
         <size>0x3c</size>
         <input_file_ref idref="fl-a"/>
      </object_component>
      <object_component id="oc-61e">
         <name>.debug_frame</name>
         <load_address>0x6a0</load_address>
         <run_address>0x6a0</run_address>
         <size>0x3c</size>
         <input_file_ref idref="fl-a"/>
      </object_component>
      <object_component id="oc-624">
         <name>.debug_frame</name>
         <load_address>0x6dc</load_address>
         <run_address>0x6dc</run_address>
         <size>0x3c</size>
         <input_file_ref idref="fl-a"/>
      </object_component>
      <object_component id="oc-62a">
         <name>.debug_frame</name>
         <load_address>0x718</load_address>
         <run_address>0x718</run_address>
         <size>0x3c</size>
         <input_file_ref idref="fl-a"/>
      </object_component>
      <object_component id="oc-630">
         <name>.debug_frame</name>
         <load_address>0x754</load_address>
         <run_address>0x754</run_address>
         <size>0x3c</size>
         <input_file_ref idref="fl-a"/>
      </object_component>
      <object_component id="oc-5ba">
         <name>.debug_frame</name>
         <load_address>0x790</load_address>
         <run_address>0x790</run_address>
         <size>0x3c</size>
         <input_file_ref idref="fl-a"/>
      </object_component>
      <object_component id="oc-5c0">
         <name>.debug_frame</name>
         <load_address>0x7cc</load_address>
         <run_address>0x7cc</run_address>
         <size>0x3c</size>
         <input_file_ref idref="fl-a"/>
      </object_component>
      <object_component id="oc-50c">
         <name>.debug_frame</name>
         <load_address>0x808</load_address>
         <run_address>0x808</run_address>
         <size>0x40</size>
         <input_file_ref idref="fl-a"/>
      </object_component>
      <object_component id="oc-5c9">
         <name>.debug_frame</name>
         <load_address>0x848</load_address>
         <run_address>0x848</run_address>
         <size>0x48</size>
         <input_file_ref idref="fl-a"/>
      </object_component>
      <object_component id="oc-459">
         <name>.debug_frame</name>
         <load_address>0x890</load_address>
         <run_address>0x890</run_address>
         <size>0x44</size>
         <input_file_ref idref="fl-42"/>
      </object_component>
      <object_component id="oc-483">
         <name>.debug_frame</name>
         <load_address>0x8d4</load_address>
         <run_address>0x8d4</run_address>
         <size>0x34</size>
         <input_file_ref idref="fl-4a"/>
      </object_component>
      <object_component id="oc-4d7">
         <name>.debug_frame</name>
         <load_address>0xa40</load_address>
         <run_address>0xa40</run_address>
         <size>0x3f</size>
         <input_file_ref idref="fl-4b"/>
      </object_component>
      <object_component id="oc-546">
         <name>.debug_frame</name>
         <load_address>0x908</load_address>
         <run_address>0x908</run_address>
         <size>0x48</size>
         <input_file_ref idref="fl-4d"/>
      </object_component>
      <object_component id="oc-5e4">
         <name>.debug_frame</name>
         <load_address>0x950</load_address>
         <run_address>0x950</run_address>
         <size>0x3c</size>
         <input_file_ref idref="fl-4e"/>
      </object_component>
      <object_component id="oc-4bf">
         <name>.debug_frame</name>
         <load_address>0x98c</load_address>
         <run_address>0x98c</run_address>
         <size>0x3c</size>
         <input_file_ref idref="fl-4f"/>
      </object_component>
      <object_component id="oc-520">
         <name>.debug_frame</name>
         <load_address>0x9c8</load_address>
         <run_address>0x9c8</run_address>
         <size>0x3c</size>
         <input_file_ref idref="fl-51"/>
      </object_component>
      <object_component id="oc-4a0">
         <name>.debug_frame</name>
         <load_address>0xa04</load_address>
         <run_address>0xa04</run_address>
         <size>0x3c</size>
         <input_file_ref idref="fl-55"/>
      </object_component>
      <object_component id="oc-600">
         <name>.debug_abbrev</name>
         <load_address>0x0</load_address>
         <run_address>0x0</run_address>
         <size>0x6d</size>
         <input_file_ref idref="fl-2"/>
      </object_component>
      <object_component id="oc-608">
         <name>.debug_abbrev</name>
         <load_address>0x6d</load_address>
         <run_address>0x6d</run_address>
         <size>0x5e</size>
         <input_file_ref idref="fl-2"/>
      </object_component>
      <object_component id="oc-58f">
         <name>.debug_abbrev</name>
         <load_address>0xcb</load_address>
         <run_address>0xcb</run_address>
         <size>0x5e</size>
         <input_file_ref idref="fl-2"/>
      </object_component>
      <object_component id="oc-428">
         <name>.debug_abbrev</name>
         <load_address>0x129</load_address>
         <run_address>0x129</run_address>
         <size>0x1f</size>
         <input_file_ref idref="fl-2"/>
      </object_component>
      <object_component id="oc-4e9">
         <name>.debug_abbrev</name>
         <load_address>0x148</load_address>
         <run_address>0x148</run_address>
         <size>0x33</size>
         <input_file_ref idref="fl-2"/>
      </object_component>
      <object_component id="oc-4ee">
         <name>.debug_abbrev</name>
         <load_address>0x17b</load_address>
         <run_address>0x17b</run_address>
         <size>0xe8</size>
         <input_file_ref idref="fl-3"/>
      </object_component>
      <object_component id="oc-598">
         <name>.debug_abbrev</name>
         <load_address>0x263</load_address>
         <run_address>0x263</run_address>
         <size>0x50</size>
         <input_file_ref idref="fl-3"/>
      </object_component>
      <object_component id="oc-597">
         <name>.debug_abbrev</name>
         <load_address>0x2b3</load_address>
         <run_address>0x2b3</run_address>
         <size>0x6c</size>
         <input_file_ref idref="fl-3"/>
      </object_component>
      <object_component id="oc-5cc">
         <name>.debug_abbrev</name>
         <load_address>0x31f</load_address>
         <run_address>0x31f</run_address>
         <size>0x5e</size>
         <input_file_ref idref="fl-3"/>
      </object_component>
      <object_component id="oc-4ec">
         <name>.debug_abbrev</name>
         <load_address>0x37d</load_address>
         <run_address>0x37d</run_address>
         <size>0xeb</size>
         <input_file_ref idref="fl-5"/>
      </object_component>
      <object_component id="oc-51c">
         <name>.debug_abbrev</name>
         <load_address>0x468</load_address>
         <run_address>0x468</run_address>
         <size>0x52</size>
         <input_file_ref idref="fl-5"/>
      </object_component>
      <object_component id="oc-602">
         <name>.debug_abbrev</name>
         <load_address>0x4ba</load_address>
         <run_address>0x4ba</run_address>
         <size>0x50</size>
         <input_file_ref idref="fl-6"/>
      </object_component>
[...]
         <name>UCB0IE_H</name>
         <value>0x56b</value>
      </symbol>
      <symbol id="sm-356">
         <name>UCB0IFG</name>
         <value>0x56c</value>
      </symbol>
      <symbol id="sm-357">
         <name>UCB0IFG_L</name>
         <value>0x56c</value>
      </symbol>
      <symbol id="sm-358">
         <name>UCB0IFG_H</name>
         <value>0x56d</value>
      </symbol>
      <symbol id="sm-359">
         <name>UCB0IV</name>
         <value>0x56e</value>
      </symbol>
      <symbol id="sm-35a">
         <name>UCB0IV_L</name>
         <value>0x56e</value>
      </symbol>
      <symbol id="sm-35b">
         <name>UCB0IV_H</name>
         <value>0x56f</value>
      </symbol>
      <symbol id="sm-35c">
         <name>UCB1CTLW0</name>
         <value>0x5c0</value>
      </symbol>
      <symbol id="sm-35d">
         <name>UCB1CTLW0_L</name>
         <value>0x5c0</value>
      </symbol>
      <symbol id="sm-35e">
         <name>UCB1CTLW0_H</name>
         <value>0x5c1</value>
      </symbol>
      <symbol id="sm-35f">
         <name>UCB1CTLW1</name>
         <value>0x5c2</value>
      </symbol>
      <symbol id="sm-360">
         <name>UCB1CTLW1_L</name>
         <value>0x5c2</value>
      </symbol>
      <symbol id="sm-361">
         <name>UCB1CTLW1_H</name>
         <value>0x5c3</value>
      </symbol>
      <symbol id="sm-362">
         <name>UCB1BRW</name>
         <value>0x5c6</value>
      </symbol>
      <symbol id="sm-363">
         <name>UCB1BRW_L</name>
         <value>0x5c6</value>
      </symbol>
      <symbol id="sm-364">
         <name>UCB1BRW_H</name>
         <value>0x5c7</value>
      </symbol>
      <symbol id="sm-365">
         <name>UCB1STATW</name>
         <value>0x5c8</value>
      </symbol>
      <symbol id="sm-366">
         <name>UCB1STATW_L</name>
         <value>0x5c8</value>
      </symbol>
      <symbol id="sm-367">
         <name>UCB1STATW_H</name>
         <value>0x5c9</value>
      </symbol>
      <symbol id="sm-368">
         <name>UCB1TBCNT</name>
         <value>0x5ca</value>
      </symbol>
      <symbol id="sm-369">
         <name>UCB1TBCNT_L</name>
         <value>0x5ca</value>
      </symbol>
      <symbol id="sm-36a">
         <name>UCB1TBCNT_H</name>
         <value>0x5cb</value>
      </symbol>
      <symbol id="sm-36b">
         <name>UCB1RXBUF</name>
         <value>0x5cc</value>
      </symbol>
      <symbol id="sm-36c">
         <name>UCB1RXBUF_L</name>
         <value>0x5cc</value>
      </symbol>
      <symbol id="sm-36d">
         <name>UCB1RXBUF_H</name>
         <value>0x5cd</value>
      </symbol>
      <symbol id="sm-36e">
         <name>UCB1TXBUF</name>
         <value>0x5ce</value>
      </symbol>
      <symbol id="sm-36f">
         <name>UCB1TXBUF_L</name>
         <value>0x5ce</value>
      </symbol>
      <symbol id="sm-370">
         <name>UCB1TXBUF_H</name>
         <value>0x5cf</value>
      </symbol>
      <symbol id="sm-371">
         <name>UCB1I2COA0</name>
         <value>0x5d4</value>
      </symbol>
      <symbol id="sm-372">
         <name>UCB1I2COA0_L</name>
         <value>0x5d4</value>
      </symbol>
      <symbol id="sm-373">
         <name>UCB1I2COA0_H</name>
         <value>0x5d5</value>
      </symbol>
      <symbol id="sm-374">
         <name>UCB1I2COA1</name>
         <value>0x5d6</value>
      </symbol>
      <symbol id="sm-375">
         <name>UCB1I2COA1_L</name>
         <value>0x5d6</value>
      </symbol>
      <symbol id="sm-376">
         <name>UCB1I2COA1_H</name>
         <value>0x5d7</value>
      </symbol>
      <symbol id="sm-377">
         <name>UCB1I2COA2</name>
         <value>0x5d8</value>
      </symbol>
      <symbol id="sm-378">
         <name>UCB1I2COA2_L</name>
         <value>0x5d8</value>
      </symbol>
      <symbol id="sm-379">
         <name>UCB1I2COA2_H</name>
         <value>0x5d9</value>
      </symbol>
      <symbol id="sm-37a">
         <name>UCB1I2COA3</name>
         <value>0x5da</value>
      </symbol>
      <symbol id="sm-37b">
         <name>UCB1I2COA3_L</name>
         <value>0x5da</value>
      </symbol>
      <symbol id="sm-37c">
         <name>UCB1I2COA3_H</name>
         <value>0x5db</value>
      </symbol>
      <symbol id="sm-37d">
         <name>UCB1ADDRX</name>
         <value>0x5dc</value>
      </symbol>
      <symbol id="sm-37e">
         <name>UCB1ADDRX_L</name>
         <value>0x5dc</value>
      </symbol>
      <symbol id="sm-37f">
         <name>UCB1ADDRX_H</name>
         <value>0x5dd</value>
      </symbol>
      <symbol id="sm-380">
         <name>UCB1ADDMASK</name>
         <value>0x5de</value>
      </symbol>
      <symbol id="sm-381">
         <name>UCB1ADDMASK_L</name>
         <value>0x5de</value>
      </symbol>
      <symbol id="sm-382">
         <name>UCB1ADDMASK_H</name>
         <value>0x5df</value>
      </symbol>
      <symbol id="sm-383">
         <name>UCB1I2CSA</name>
         <value>0x5e0</value>
      </symbol>
      <symbol id="sm-384">
         <name>UCB1I2CSA_L</name>
         <value>0x5e0</value>
      </symbol>
      <symbol id="sm-385">
         <name>UCB1I2CSA_H</name>
         <value>0x5e1</value>
      </symbol>
      <symbol id="sm-386">
         <name>UCB1IE</name>
         <value>0x5ea</value>
      </symbol>
      <symbol id="sm-387">
         <name>UCB1IE_L</name>
         <value>0x5ea</value>
      </symbol>
      <symbol id="sm-388">
         <name>UCB1IE_H</name>
         <value>0x5eb</value>
      </symbol>
      <symbol id="sm-389">
         <name>UCB1IFG</name>
         <value>0x5ec</value>
      </symbol>
      <symbol id="sm-38a">
         <name>UCB1IFG_L</name>
         <value>0x5ec</value>
      </symbol>
      <symbol id="sm-38b">
         <name>UCB1IFG_H</name>
         <value>0x5ed</value>
      </symbol>
      <symbol id="sm-38c">
         <name>UCB1IV</name>
         <value>0x5ee</value>
      </symbol>
      <symbol id="sm-38d">
         <name>UCB1IV_L</name>
         <value>0x5ee</value>
      </symbol>
      <symbol id="sm-38e">
         <name>UCB1IV_H</name>
         <value>0x5ef</value>
      </symbol>
      <symbol id="sm-38f">
         <name>fram_rw_start</name>
         <value>0x8000</value>
      </symbol>
      <symbol id="sm-390">
         <name>fram_rx_start</name>
         <value>0x8000</value>
      </symbol>
      <symbol id="sm-391">
         <name>__TI_CINIT_Base</name>
         <value>0x800a</value>
      </symbol>
      <symbol id="sm-392">
         <name>__TI_CINIT_Limit</name>
         <value>0x8012</value>
      </symbol>
      <symbol id="sm-393">
         <name>__TI_CINIT_Warm</name>
         <value>0x8012</value>
      </symbol>
      <symbol id="sm-394">
         <name>__TI_Handler_Table_Base</name>
         <value>0x8006</value>
      </symbol>
      <symbol id="sm-395">
         <name>__TI_Handler_Table_Limit</name>
         <value>0x800a</value>
      </symbol>
      <symbol id="sm-396">
         <name>__STACK_SIZE</name>
         <value>0xa0</value>
      </symbol>
      <symbol id="sm-397">
         <name>__STACK_END</name>
         <value>0x3000</value>
      </symbol>
      <symbol id="sm-398">
         <name>__c_args__</name>
         <value>0xffffffff</value>
      </symbol>
      <symbol id="sm-399">
         <name>__TI_pprof_out_hndl</name>
         <value>0xffffffff</value>
      </symbol>
      <symbol id="sm-39a">
         <name>__TI_prof_data_start</name>
         <value>0xffffffff</value>
      </symbol>
      <symbol id="sm-39b">
         <name>__TI_prof_data_size</name>
         <value>0xffffffff</value>
      </symbol>
      <symbol id="sm-413">
         <name>Init_Clocks</name>
         <value>0x8502</value>
         <object_component_ref idref="oc-4f7"/>
      </symbol>
      <symbol id="sm-414">
         <name>Software_Trim</name>
         <value>0x8122</value>
         <object_component_ref idref="oc-589"/>
      </symbol>
      <symbol id="sm-432">
         <name>backlite_flag</name>
         <value>0x2034</value>
      </symbol>
      <symbol id="sm-433">
         <name>wheel_move</name>
         <value>0x203a</value>
      </symbol>
      <symbol id="sm-434">
         <name>forward</name>
         <value>0x203e</value>
      </symbol>
      <symbol id="sm-435">
         <name>Display_Process</name>
         <value>0x8818</value>
         <object_component_ref idref="oc-516"/>
      </symbol>
      <symbol id="sm-436">
         <name>Init_Timer_B0</name>
         <value>0x8680</value>
         <object_component_ref idref="oc-503"/>
      </symbol>
      <symbol id="sm-437">
         <name>Init_Conditions</name>
         <value>0x862e</value>
         <object_component_ref idref="oc-4fd"/>
      </symbol>
      <symbol id="sm-44b">
         <name>moving</name>
         <value>0x2038</value>
      </symbol>
      <symbol id="sm-44c">
         <name>start_moving</name>
         <value>0x203f</value>
      </symbol>
      <symbol id="sm-44d">
         <name>blinking</name>
         <value>0x2036</value>
      </symbol>
      <symbol id="sm-44e">
         <name>main</name>
         <value>0x842c</value>
         <object_component_ref idref="oc-4c0"/>
      </symbol>
      <symbol id="sm-481">
         <name>Init_Port6</name>
         <value>0x8314</value>
         <object_component_ref idref="oc-582"/>
      </symbol>
      <symbol id="sm-482">
         <name>Init_Port4</name>
         <value>0x83a6</value>
         <object_component_ref idref="oc-576"/>
      </symbol>
      <symbol id="sm-483">
         <name>Init_Port5</name>
         <value>0x85cc</value>
         <object_component_ref idref="oc-57c"/>
      </symbol>
      <symbol id="sm-484">
         <name>Init_Port2</name>
         <value>0x81e0</value>
         <object_component_ref idref="oc-56a"/>
      </symbol>
      <symbol id="sm-485">
         <name>Init_Port3</name>
         <value>0x8282</value>
         <object_component_ref idref="oc-570"/>
      </symbol>
      <symbol id="sm-486">
         <name>Init_Port1</name>
         <value>0x856a</value>
         <object_component_ref idref="oc-564"/>
      </symbol>
      <symbol id="sm-487">
         <name>Init_Ports</name>
         <value>0x8872</value>
         <object_component_ref idref="oc-4f1"/>
      </symbol>
      <symbol id="sm-4bf">
         <name>__TI_int24</name>
         <value>0xffd2</value>
         <object_component_ref idref="oc-74"/>
      </symbol>
      <symbol id="sm-4c0">
         <name>__TI_int22</name>
         <value>0xffce</value>
         <object_component_ref idref="oc-72"/>
      </symbol>
      <symbol id="sm-4c1">
         <name>__TI_int42</name>
         <value>0xfff6</value>
         <object_component_ref idref="oc-86"/>
      </symbol>
      <symbol id="sm-4c2">
         <name>__TI_int43</name>
         <value>0xfff8</value>
         <object_component_ref idref="oc-87"/>
      </symbol>
      <symbol id="sm-4c3">
         <name>switch1_interrupt</name>
         <value>0x89a4</value>
         <object_component_ref idref="oc-437"/>
      </symbol>
      <symbol id="sm-4c4">
         <name>Timer0_B0_ISR</name>
         <value>0x8a14</value>
         <object_component_ref idref="oc-44e"/>
      </symbol>
      <symbol id="sm-4c5">
         <name>switch2_interrupt</name>
         <value>0x89dc</value>
         <object_component_ref idref="oc-442"/>
      </symbol>
      <symbol id="sm-4c6">
         <name>enable_interrupts</name>
         <value>0x8948</value>
         <object_component_ref idref="oc-591"/>
      </symbol>
      <symbol id="sm-4c7">
         <name>TIMER0_B1_ISR</name>
         <value>0x8968</value>
         <object_component_ref idref="oc-448"/>
      </symbol>
      <symbol id="sm-55b">
         <name>current_character</name>
         <value>0x203c</value>
      </symbol>
      <symbol id="sm-55c">
         <name>update_display</name>
         <value>0x2040</value>
      </symbol>
      <symbol id="sm-55d">
         <name>display_changed</name>
         <value>0x203d</value>
      </symbol>
      <symbol id="sm-55e">
         <name>display_line</name>
         <value>0x2000</value>
      </symbol>
      <symbol id="sm-55f">
         <name>display</name>
         <value>0x202c</value>
      </symbol>
      <symbol id="sm-560">
         <name>ClrDisplay_Buffer_2</name>
         <value>0x88bc</value>
         <object_component_ref idref="oc-627"/>
      </symbol>
      <symbol id="sm-561">
         <name>ClrDisplay_Buffer_3</name>
         <value>0x88d4</value>
         <object_component_ref idref="oc-62d"/>
      </symbol>
      <symbol id="sm-562">
         <name>ClrDisplay_Buffer_0</name>
         <value>0x888c</value>
         <object_component_ref idref="oc-61b"/>
      </symbol>
      <symbol id="sm-563">
         <name>ClrDisplay_Buffer_1</name>
         <value>0x88a4</value>
         <object_component_ref idref="oc-621"/>
      </symbol>
      <symbol id="sm-564">
         <name>spi_chipselect_idle</name>
         <value>0x8902</value>
         <object_component_ref idref="oc-5a5"/>
      </symbol>
      <symbol id="sm-565">
         <name>WriteIns</name>
         <value>0x87f0</value>
         <object_component_ref idref="oc-5b1"/>
      </symbol>
      <symbol id="sm-566">
         <name>spi_reset_active</name>
         <value>0x8956</value>
         <object_component_ref idref="oc-5ab"/>
      </symbol>
      <symbol id="sm-567">
         <name>WriteData</name>
         <value>0x87c8</value>
         <object_component_ref idref="oc-676"/>
      </symbol>
      <symbol id="sm-568">
         <name>DisplayOnOff</name>
         <value>0x893a</value>
         <object_component_ref idref="oc-5bd"/>
      </symbol>
      <symbol id="sm-569">
         <name>spi_chipselect_active</name>
         <value>0x8918</value>
         <object_component_ref idref="oc-60e"/>
      </symbol>
      <symbol id="sm-56a">
         <name>lcd_out</name>
         <value>0x8856</value>
         <object_component_ref idref="oc-635"/>
      </symbol>
      <symbol id="sm-56b">
         <name>Display_Update</name>
         <value>0x86ca</value>
         <object_component_ref idref="oc-5c6"/>
      </symbol>
      <symbol id="sm-56c">
         <name>Init_LCD</name>
         <value>0x805e</value>
         <object_component_ref idref="oc-509"/>
      </symbol>
      <symbol id="sm-56d">
         <name>SPI_B1_write</name>
         <value>0x883a</value>
         <object_component_ref idref="oc-614"/>
      </symbol>
      <symbol id="sm-56e">
         <name>Init_SPI_B1</name>
         <value>0x870e</value>
         <object_component_ref idref="oc-599"/>
      </symbol>
      <symbol id="sm-56f">
         <name>spi_reset_idle</name>
         <value>0x895c</value>
         <object_component_ref idref="oc-59f"/>
      </symbol>
      <symbol id="sm-570">
         <name>ClrDisplay</name>
         <value>0x88ec</value>
         <object_component_ref idref="oc-5b7"/>
      </symbol>
      <symbol id="sm-575">
         <name>__TI_int23</name>
         <value>0xffd0</value>
         <object_component_ref idref="oc-73"/>
      </symbol>
      <symbol id="sm-57d">
         <name>__TI_ISR_TRAP</name>
         <value>0x8a64</value>
         <object_component_ref idref="oc-43d"/>
      </symbol>
      <symbol id="sm-580">
         <name>__TI_int25</name>
         <value>0xffd4</value>
         <object_component_ref idref="oc-75"/>
      </symbol>
      <symbol id="sm-583">
         <name>__TI_int26</name>
         <value>0xffd6</value>
         <object_component_ref idref="oc-76"/>
      </symbol>
      <symbol id="sm-586">
         <name>__TI_int27</name>
         <value>0xffd8</value>
         <object_component_ref idref="oc-77"/>
      </symbol>
      <symbol id="sm-589">
         <name>__TI_int28</name>
         <value>0xffda</value>
         <object_component_ref idref="oc-78"/>
      </symbol>
      <symbol id="sm-58c">
         <name>__TI_int29</name>
         <value>0xffdc</value>
         <object_component_ref idref="oc-79"/>
      </symbol>
      <symbol id="sm-58f">
         <name>__TI_int30</name>
         <value>0xffde</value>
         <object_component_ref idref="oc-7a"/>
      </symbol>
      <symbol id="sm-592">
         <name>__TI_int31</name>
         <value>0xffe0</value>
         <object_component_ref idref="oc-7b"/>
      </symbol>
      <symbol id="sm-595">
         <name>__TI_int32</name>
         <value>0xffe2</value>
         <object_component_ref idref="oc-7c"/>
      </symbol>
      <symbol id="sm-598">
         <name>__TI_int33</name>
         <value>0xffe4</value>
         <object_component_ref idref="oc-7d"/>
      </symbol>
      <symbol id="sm-59b">
         <name>__TI_int34</name>
         <value>0xffe6</value>
         <object_component_ref idref="oc-7e"/>
      </symbol>
      <symbol id="sm-59e">
         <name>__TI_int35</name>
         <value>0xffe8</value>
         <object_component_ref idref="oc-7f"/>
      </symbol>
      <symbol id="sm-5a1">
         <name>__TI_int36</name>
         <value>0xffea</value>
         <object_component_ref idref="oc-80"/>
      </symbol>
      <symbol id="sm-5a4">
         <name>__TI_int37</name>
         <value>0xffec</value>
         <object_component_ref idref="oc-81"/>
      </symbol>
      <symbol id="sm-5a7">
         <name>__TI_int38</name>
         <value>0xffee</value>
         <object_component_ref idref="oc-82"/>
      </symbol>
      <symbol id="sm-5aa">
         <name>__TI_int39</name>
         <value>0xfff0</value>
         <object_component_ref idref="oc-83"/>
      </symbol>
      <symbol id="sm-5ad">
         <name>__TI_int40</name>
         <value>0xfff2</value>
         <object_component_ref idref="oc-84"/>
      </symbol>
      <symbol id="sm-5b0">
         <name>__TI_int41</name>
         <value>0xfff4</value>
         <object_component_ref idref="oc-85"/>
      </symbol>
      <symbol id="sm-5b3">
         <name>__TI_int44</name>
         <value>0xfffa</value>
         <object_component_ref idref="oc-88"/>
      </symbol>
      <symbol id="sm-5b6">
         <name>__TI_int45</name>
         <value>0xfffc</value>
         <object_component_ref idref="oc-89"/>
      </symbol>
      <symbol id="sm-5c6">
         <name>__TI_zero_init_nomemset</name>
         <value>0x874e</value>
         <object_component_ref idref="oc-454"/>
      </symbol>
      <symbol id="sm-5dd">
         <name>_c_int00_noargs_mpu</name>
         <value>0x8a44</value>
         <object_component_ref idref="oc-47e"/>
      </symbol>
      <symbol id="sm-5de">
         <name>_stack</name>
         <value>0x2f60</value>
         <object_component_ref idref="oc-41c"/>
      </symbol>
      <symbol id="sm-5df">
         <name>_reset_vector</name>
         <value>0xfffe</value>
         <object_component_ref idref="oc-41f"/>
      </symbol>
      <symbol id="sm-5ed">
         <name>__mpu_init</name>
         <value>0x878c</value>
         <object_component_ref idref="oc-4d2"/>
      </symbol>
      <symbol id="sm-610">
         <name>__TI_auto_init_nobinit_nopinit_hold_wdt</name>
         <value>0x8498</value>
         <object_component_ref idref="oc-541"/>
      </symbol>
      <symbol id="sm-619">
         <name>_system_post_cinit</name>
         <value>0x8966</value>
         <object_component_ref idref="oc-5df"/>
      </symbol>
      <symbol id="sm-622">
         <name>_system_pre_init</name>
         <value>0x8962</value>
         <object_component_ref idref="oc-4ba"/>
      </symbol>
      <symbol id="sm-62d">
         <name>C$$EXIT</name>
         <value>0x8950</value>
         <object_component_ref idref="oc-51d"/>
      </symbol>
      <symbol id="sm-62e">
         <name>abort</name>
         <value>0x8950</value>
         <object_component_ref idref="oc-51d"/>
      </symbol>
      <symbol id="sm-63e">
         <name>strcpy</name>
         <value>0x892a</value>
         <object_component_ref idref="oc-49f"/>
      </symbol>
   </symbol_table>
   <title>Link successful</title>
</link_info>
